
# 1 概述

## 1.1 作用

    记录运行超过指定时间阈值的SQL
    通过慢查询日志,定位性能问题

## 1.4 版本

    MySQL < 5.1 ：以秒为单位
    MySQL >= 5.1 : 以毫秒为单位
    MySQL >= 5.5 : 可以将慢查询日志记录到表
    MySQL >= 5.6 : 以更细的粒度记录慢查询
    MySQL >= 5.7 : 增加timestamps支持
    
## 设置

    默认在data目录下.名字为主机名.slow
 
# 3 参数

## 3.2 基础参数

slow_query_log

    是否开启慢查询日志

slow_query_log_file

    慢查询日志文件名, 在my.cnf我们已经定义为slow.log，默认是 机器名-slow.log

long_query_time

    指定慢查询阈值, 单位是秒，
    且当版本 >=5.5.X，支持毫秒。例如0.5即为500ms
    大于该值，不包括值本身。例如该值为2，则执行时间正好等于2的SQL语句不会记录
    (应用之前 小于0.5)

## 3.3 追踪未使用索引

log_queries_not_using_indexes

    将没有使用索引的SQL记录到慢查询日志 
    如果一开始因为数据少，查表快，耗时的SQL语句没被记录，当数据量大时，该SQL可能会执行很长时间
    需要测试阶段就要发现问题，减小上线后出现问题的概率

log_throttle_queries_not_using_indexes

    限制每分钟内，在慢查询日志中，去记录没有使用索引的SQL语句的次数；版本需要>=5.6.X 
    因为没有使用索引的SQL可能会短时间重复执行，为了避免日志快速增大，限制每分钟的记录次数

min_examined_row_limit

    扫描记录少于该值的SQL不记录到慢查询日志 
    结合去记录没有使用索引的SQL语句的例子，有可能存在某一个表，数据量维持在百行左右，且没有建立索引。
    这种表即使不建立索引，查询也很快，扫描记录很小，
    如果确定有这种表，则可以通过此参数设置，将这个SQL不记录到慢查询日志。

## 3.5 其他

log_slow_admin_statements

    记录超时的管理操作SQL到慢查询日志，比如ALTER/ANALYZE TABLE
    
log_output

    慢查询日志的格式，[FILE | TABLE | NONE]，默认是FILE；版本>=5.5
    如果设置为TABLE，则记录的到mysql.slow_log
    
log_slow_slave_statements

    在从服务器上开启慢查询日志


# 分析

mysqldumpslow

    统计排序
    采样周期
    
    
存到表里面
    
    mysql中的slow_log中
    方便结构化查询
    
    默认是CSV存储引擎,修改为MyISAM
    新能影响很小
    数据量会比较大,容易在备份的时候忘记
    

# 设置

可以在线设置 slow_query_log
set global slow_query_log= on;


set global log_queries_not_using_indexes = on;
开启记录慢查询

查看刚刚的设置

show variables like 'slow_query_log';
慢查询日志文件

show variables like 'slow_query_log_file';
慢查询日志格式
# Time: 2016-10-28T15:59:22.416695Z 
解释:慢查询执行的时间点
# User@Host: root[root] @ localhost []  
解释:执行SQL的主机信息
# Query_time: 0.003073  Lock_time: 0.001320 Rows_sent: 2  Rows_examined:
Query_time指查询所用时间，
Lock_time指锁定时间，
Rows_sent发送的行数，
Rows_examined扫描的行数
SET timestamp=1477670362;
以时间戳的形式记录了此SQL执行的时间
select * from store limit 10;   
解释:SQL的具体内容
Mysqldumpslow
Mysqldumpslow Mysql自带的慢查询日志分析工具，分析的不太详细

mysqldumpslow -h 列出指令参数列表 
－s 排序 
－t num 前num条 
exp: 
mysqldumpslow -t 10 -s asc /home/…./slow.log

指令分析的报表内容如下：

Reading mysql slow query log from /var/lib/mysql/izwz9egy22njyfiobf3g9vz-slow.log

Count: 8 Time=0.88s (7s) Lock=4.53s (36s) Rows=13.1 (105), test[test]@[223.73.108.54] 
SELECT STATE AS 状态, ROUND(SUM(DURATION),N) AS 期间, CONCAT(ROUND(SUM(DURATION)/N.N*N,N), ‘S’) AS 百分比 FROM INFORMATION_SCHEMA.PROFILING WHERE QUERY_ID=N GROUP BY STATE ORDER BY SEQ

pt-query-digest
pt-query-digest (推荐，分析的详细)

1.查询次数多且每次查询占用时间长的SQL 
通常为pt-query-digest分析的前几个查询 
2.IO大的SQL 
注意pt-query-digest分析中的Rows examine项 
3.未命中索引的SQL 
注意pt-query-digest分析中的Rows examine和Row send 的对比 
当Rows examine>>Row send 基本上是使用了索引扫描或者表扫描的方式来进行查询，需要进行优化

http://blog.csdn.net/wangmuming/article/details/38383449 
https://www.36nu.com/post/228.html 
http://blog.csdn.net/johnstrive/article/details/46437547


# 操作

    mysql> set global slow_query_log = 1;         -- slow_query_log可以在线打开
    Query OK, 0 rows affected (0.00 sec)
    
    mysql> show variables like "slow_query_log";  -- 已经打开
    +----------------+-------+
    | Variable_name  | Value |
    +----------------+-------+
    | slow_query_log | ON    |
    +----------------+-------+
    1 row in set (0.00 sec)
    
    mysql> show variables like "long_query_time";
    +-----------------+----------+
    | Variable_name   | Value    |
    +-----------------+----------+
    | long_query_time | 2.000000 |   -- my.cnf 中该值设置为2秒
    +-----------------+----------+
    1 row in set (0.00 sec)
    
    mysql> show variables like "min_ex%";  -- my.cnf 中已经关闭注释，所以这里为0
    +------------------------+-------+
    | Variable_name          | Value |
    +------------------------+-------+
    | min_examined_row_limit | 0     |
    +------------------------+-------+
    1 row in set (0.00 sec)
    
    mysql> select sleep(4);
    
    Time                 Id Command    Argument  #测试没有任何慢查询日志信息
    # Time: 2015-11-21T07:18:10.741663+08:00
    # User@Host: root[root] @ localhost []  Id:     2
    # Query_time: 4.000333  Lock_time: 0.000000 Rows_sent: 1  Rows_examined: 0 
                                                              #这个就是min_examined_row_limit
                                                              #设置的意义。如my.cnf中设置该值为100
                                                              #则这条语句因为Rows_examined < 100,而不会被记录
                                                              
                                                              
   
    mysqldumpslow
    [root@localhost mysql_data]# mysqldumpslow  slow.log
    
    Reading mysql slow query log from slow.log
    Count: 2  Time=0.00s (0s)  Lock=0.00s (0s)  Rows=0.0 (0), 0users@0hosts
      Time: N-N-21T07:N:N.N+N:N
      # User@Host: root[root] @ localhost []  Id:     N
      # Query_time: N.N  Lock_time: N.N Rows_sent: N  Rows_examined: N
      SET timestamp=N;
      select sleep(N)
    
    Count: 1  Time=0.00s (0s)  Lock=0.00s (0s)  Rows=0.0 (0), 0users@0hosts
      # Time: N-N-21T07:N:N.N+N:N
      # User@Host: root[root] @ localhost []  Id:     N
      # Query_time: N.N  Lock_time: N.N Rows_sent: N  Rows_examined: N
      SET timestamp=N;
      select sleep(N)
    
    #######################################################################
    
    [root@localhost mysql_data]# mysqldumpslow  --help
    Usage: mysqldumpslow [ OPTS... ] [ LOGS... ]
    
    Parse and summarize the MySQL slow query log. Options are
    
      --verbose    verbose
      --debug      debug
      --help       write this text to standard output
    
      -v           verbose
      -d           debug
      -s ORDER     what to sort by (al, at, ar, c, l, r, t), 'at' is default #根据以下某个信息来排序
                    al: average lock time
                    ar: average rows sent
                    at: average query time
                     c: count
                     l: lock time
                     r: rows sent
                     t: query time  
      -r           reverse the sort order (largest last instead of first)  # 逆序输出
      -t NUM       just show the top n queries      # TOP(n)参数
      -a           don't abstract all numbers to N and strings to 'S'
      -n NUM       abstract numbers with at least n digits within names
      -g PATTERN   grep: only consider stmts that include this string
      -h HOSTNAME  hostname of db server for *-slow.log filename (can be wildcard),
                   default is '*', i.e. match all
      -i NAME      name of server instance (if using mysql.server startup script)
      -l           don't subtract lock time from total time
    如果在线上操作，不需要mysqldumpslow去扫整个slow.log， 可以去tail -n 10000 slow.log > last_10000_slow.log(10000这个数字根据实际情况进行调整),然后进行mysqldumpslow last_10000_slow.log
    
    慢查询日志存入表
    --
    -- 在my.cnf 中增加 log_output = TABLE，打开slow_query_log选项，然后重启数据库实例
    --
    mysql> show variables like "log_output%";
    +---------------+-------+
    | Variable_name | Value |
    +---------------+-------+
    | log_output    | TABLE |
    +---------------+-------+
    1 row in set (0.00 sec)
    
    mysql> show variables like "slow_query_log";
    +----------------+-------+
    | Variable_name  | Value |
    +----------------+-------+
    | slow_query_log | ON    |
    +----------------+-------+
    1 row in set (0.00 sec)
    
    mysql> select * from mysql.slow_log;
    +----------------------------+---------------------------+-----------------+-----------------+-----------+---------------+----+----------------+-----------+-----------+-----------------+-----------+
    | start_time                 | user_host                 | query_time      | lock_time       | rows_sent | rows_examined | db | last_insert_id | insert_id | server_id | sql_text        | thread_id |
    +----------------------------+---------------------------+-----------------+-----------------+-----------+---------------+----+----------------+-----------+-----------+-----------------+-----------+
    | 2015-11-20 19:50:28.574677 | root[root] @ localhost [] | 00:00:04.000306 | 00:00:00.000000 |         1 |             0 |    |              0 |         0 |        11 | select sleep(4) |         3 |
    +----------------------------+---------------------------+-----------------+-----------------+-----------+---------------+----+----------------+-----------+-----------+-----------------+-----------+
    1 row in set (0.00 sec)
    
    mysql> show create table mysql.slow_log;
    --
    -- 表结构输出省略
    -- 关键一句如下：
    --
    ENGINE=CSV DEFAULT CHARSET=utf8 COMMENT='Slow log'  -- ENGINE=CSV 这里使用的是CSV的引擎,性能较差
    
    -- 建议将slow_log表的存储引擎改成MyISAM
    mysql> alter table mysql.slow_log engine = myisam;
    ERROR 1580 (HY000): You cannot 'ALTER' a log table if logging is enabled  '-- 提示我正在记录日志中，不能转换
    
    mysql> set global slow_query_log = 0;    -- 先停止记录日志
    Query OK, 0 rows affected (0.01 sec)
    
    mysql> alter table mysql.slow_log engine = myisam;   -- 然后转换表的引擎
    Query OK, 2 rows affected (5.05 sec)
    Records: 2  Duplicates: 0  Warnings: 0
    
    mysql> set global slow_query_log = 1;     -- 再开启记录日志
    Query OK, 0 rows affected (0.00 sec)
    
    mysql> show create table mysql.slow_log;
    --
    -- 表结构输出省略
    -- 关键一句如下：
    --
    ENGINE=MyISAM DEFAULT CHARSET=utf8 COMMENT='Slow log'  -- ENGINE 变成了MyISAM
    使用TABLE的优势在于方便查询，但是记住当在备份的时候，不要备份慢查询日志的表，避免备份过大。 
    使用FILE也可以，需要定时清除该文件，避免单文件过大。                                                           